[2026-07-25 17:24:08] ============================================================
[2026-07-25 17:24:08] 启动自动化影视源管理系统
[2026-07-25 17:24:08] ============================================================
[2026-07-25 17:24:08] [1/5] 加载配置...
[2026-07-25 17:24:08] 当前已使用 52 个 Guard 类
[2026-07-25 17:24:08] [2/5] 加载可用 Guard 数据库...
[2026-07-25 17:24:08] 可用 Guard 总数：80
[2026-07-25 17:24:08] [3/5] 构建热备用池 (A 策略)...
[2026-07-25 17:24:08] 热备用池大小：3
[2026-07-25 17:24:08] [4/5] 扫描外部配置源 (B 策略)...
[2026-07-25 17:24:08] 正在拉取外部源：http://home.jundie.top:81/top98.json
[2026-07-25 17:24:08] 正在拉取外部源：https://jihulab.com/ymz1231/xymz/-/raw/main/ymshao
[2026-07-25 17:24:09] 拉取失败 https://jihulab.com/ymz1231/xy: Expecting value: line 1 column 1 (char 0
[2026-07-25 17:24:09] 发现 0 个新的外部 Guard 类
[2026-07-25 17:24:09] 扩展候选池：0 个新类
[2026-07-25 17:24:09] [5/5] 生成管理报告...
[2026-07-25 17:24:09] 
=== 管理报告 ===
[2026-07-25 17:24:09] 当前站点数：54
[2026-07-25 17:24:09] 可用热备源：3
[2026-07-25 17:24:09] 发现新源：0
[2026-07-25 17:24:09] 
推荐添加的高质量源:
[2026-07-25 17:24:09]  1. csp_NewBiLiYSGuard
[2026-07-25 17:24:09]  2. csp_WexTangDouGuard
[2026-07-25 17:24:09]  3. csp_AListGuard
[2026-07-25 17:24:09]  4. csp_AnimeFanShuGuard
[2026-07-25 17:24:09]  5. csp_AnimeHuaziGuard
[2026-07-25 17:24:09] 
[完成] 报告已保存到 source_manager_report.json
[2026-07-25 17:24:09] 下一步：等待用户指令进行自动替换，或设置定时任务
